Script started on 2025-01-22 14:23:08-08:00 [TERM="xterm-256color" TTY="/dev/pts/1" COLUMNS="150" LINES="9"]
[?2004h]0;bissett@cf165-26: ~/WWU/CS145/202510_csci145_bissett/lab2[01;32mbissett@cf165-26[00m:[01;34m~/WWU/CS145/202510_csci145_bissett/lab2[00m$ clear
[?2004l[H[2J[3J[?2004h]0;bissett@cf165-26: ~/WWU/CS145/202510_csci145_bissett/lab2[01;32mbissett@cf165-26[00m:[01;34m~/WWU/CS145/202510_csci145_bissett/lab2[00m$ java BrokenCalculator 
[?2004l[?2004h]0;bissett@cf165-26: ~/WWU/CS145/202510_csci145_bissett/lab2[01;32mbissett@cf165-26[00m:[01;34m~/WWU/CS145/202510_csci145_bissett/lab2[00m$ git status 
[?2004lOn branch main
Your branch is up to date with 'origin/main'.

Changes not staged for commit:
  (use "git add <file>..." to update what will be committed)
  (use "git restore <file>..." to discard changes in working directory)
	[31mmodified:   BrokenCalculator.java[m

Untracked files:
  (use "git add <file>..." to include in what will be committed)
	[31mtypescript[m

no changes added to commit (use "git add" and/or "git commit -a")
[?2004h]0;bissett@cf165-26: ~/WWU/CS145/202510_csci145_bissett/lab2[01;32mbissett@cf165-26[00m:[01;34m~/WWU/CS145/202510_csci145_bissett/lab2[00m$ git add .
[?2004l[?2004h]0;bissett@cf165-26: ~/WWU/CS145/202510_csci145_bissett/lab2[01;32mbissett@cf165-26[00m:[01;34m~/WWU/CS145/202510_csci145_bissett/lab2[00m$ git commit -m "F[KFinish part A"
[?2004l[main df31fb0] Finish part A
 2 files changed, 3 insertions(+), 1 deletion(-)
 create mode 100644 lab2/typescript
[?2004h]0;bissett@cf165-26: ~/WWU/CS145/202510_csci145_bissett/lab2[01;32mbissett@cf165-26[00m:[01;34m~/WWU/CS145/202510_csci145_bissett/lab2[00m$ git commit -m "Finish part A"add .[Kstatus [2Padd .
[?2004l[?2004h]0;bissett@cf165-26: ~/WWU/CS145/202510_csci145_bissett/lab2[01;32mbissett@cf165-26[00m:[01;34m~/WWU/CS145/202510_csci145_bissett/lab2[00m$ git add .commit -m "Finish part A"[1P"B"
[?2004l[main cb9321b] Finish part B
 1 file changed, 2 insertions(+), 1 deletion(-)
[?2004h]0;bissett@cf165-26: ~/WWU/CS145/202510_csci145_bissett/lab2[01;32mbissett@cf165-26[00m:[01;34m~/WWU/CS145/202510_csci145_bissett/lab2[00m$ java BrokenCalculator 45[K[K20 4 17 7
[?2004l[?2004h]0;bissett@cf165-26: ~/WWU/CS145/202510_csci145_bissett/lab2[01;32mbissett@cf165-26[00m:[01;34m~/WWU/CS145/202510_csci145_bissett/lab2[00m$ clear
[?2004l[H[2J[3J[?2004h]0;bissett@cf165-26: ~/WWU/CS145/202510_csci145_bissett/lab2[01;32mbissett@cf165-26[00m:[01;34m~/WWU/CS145/202510_csci145_bissett/lab2[00m$ java BrokenCalculator 452 654
[?2004l[?2004h]0;bissett@cf165-26: ~/WWU/CS145/202510_csci145_bissett/lab2[01;32mbissett@cf165-26[00m:[01;34m~/WWU/CS145/202510_csci145_bissett/lab2[00m$ javac BrokenCalculator.java 
[?2004l[?2004h]0;bissett@cf165-26: ~/WWU/CS145/202510_csci145_bissett/lab2[01;32mbissett@cf165-26[00m:[01;34m~/WWU/CS145/202510_csci145_bissett/lab2[00m$ javac BrokenCalculator.java  BrokenCalculator 452 654
[?2004lFixing notation!
45
[?2004h]0;bissett@cf165-26: ~/WWU/CS145/202510_csci145_bissett/lab2[01;32mbissett@cf165-26[00m:[01;34m~/WWU/CS145/202510_csci145_bissett/lab2[00m$ java BrokenCalculator 452 654[1Pc BrokenCalculator.java 
[?2004l[?2004h]0;bissett@cf165-26: ~/WWU/CS145/202510_csci145_bissett/lab2[01;32mbissett@cf165-26[00m:[01;34m~/WWU/CS145/202510_csci145_bissett/lab2[00m$ javac BrokenCalculator.java 
[?2004l[?2004h]0;bissett@cf165-26: ~/WWU/CS145/202510_csci145_bissett/lab2[01;32mbissett@cf165-26[00m:[01;34m~/WWU/CS145/202510_csci145_bissett/lab2[00m$ javac BrokenCalculator.java  BrokenCalculator 452 654
[?2004lFixing notation!
45
2
[?2004h]0;bissett@cf165-26: ~/WWU/CS145/202510_csci145_bissett/lab2[01;32mbissett@cf165-26[00m:[01;34m~/WWU/CS145/202510_csci145_bissett/lab2[00m$ come[K[K[K[Kjava BrokenCalculator 452 654[1Pc BrokenCalculator.java  BrokenCalculator 452 654[1Pc BrokenCalculator.java  BrokenCalculator 452 654clear[Kjava BrokenCalculator 20 4 17 7[2Pgit commit -m "Finish part B"add .[K
[?2004l[?2004h]0;bissett@cf165-26: ~/WWU/CS145/202510_csci145_bissett/lab2[01;32mbissett@cf165-26[00m:[01;34m~/WWU/CS145/202510_csci145_bissett/lab2[00m$ git add .java BrokenCalculator 452 654[1Pc BrokenCalculator.java  BrokenCalculator 452 654[1Pc BrokenCalculator.java  BrokenCalculator 452 654clear[Kjava BrokenCalculator 20 4 17 7[2Pgit commit -m "Finish part B"add .[Kcommit -m "Finish part B"[1P"C"-"#"[1P"E"
[?2004l[main 7ea11fe] Finish part C-E
 1 file changed, 16 insertions(+), 6 deletions(-)
[?2004h]0;bissett@cf165-26: ~/WWU/CS145/202510_csci145_bissett/lab2[01;32mbissett@cf165-26[00m:[01;34m~/WWU/CS145/202510_csci145_bissett/lab2[00m$ git commit -m "Finish part C-E"add .[Kjava BrokenCalculator 452 654[1Pc BrokenCalculator.java 
[?2004l[?2004h]0;bissett@cf165-26: ~/WWU/CS145/202510_csci145_bissett/lab2[01;32mbissett@cf165-26[00m:[01;34m~/WWU/CS145/202510_csci145_bissett/lab2[00m$ javac BrokenCalculator.java git commit -m "Finish part C-E"add .[Kjava BrokenCalculator 452 654[1Pc BrokenCalculator.java  BrokenCalculator 452 654
[?2004lFixing notation!
45
2
65
4
[?2004h]0;bissett@cf165-26: ~/WWU/CS145/202510_csci145_bissett/lab2[01;32mbissett@cf165-26[00m:[01;34m~/WWU/CS145/202510_csci145_bissett/lab2[00m$ java BrokenCalculator 452 654[1Pc BrokenCalculator.java git commit -m "Finish part C-E"add .[K
[?2004l[?2004h]0;bissett@cf165-26: ~/WWU/CS145/202510_csci145_bissett/lab2[01;32mbissett@cf165-26[00m:[01;34m~/WWU/CS145/202510_csci145_bissett/lab2[00m$ git add .java BrokenCalculator 452 654[1Pc BrokenCalculator.java git commit -m "Finish part C-E"[1P-E"F-E"[C[C[1P"G"
[?2004l[main 7d1948f] Finish part F-G
 1 file changed, 2 insertions(+), 2 deletions(-)
[?2004h]0;bissett@cf165-26: ~/WWU/CS145/202510_csci145_bissett/lab2[01;32mbissett@cf165-26[00m:[01;34m~/WWU/CS145/202510_csci145_bissett/lab2[00m$ git commit -m "Finish part F-G"add .[Kjava BrokenCalculator 452 654[1Pc BrokenCalculator.java 
[?2004l[?2004h]0;bissett@cf165-26: ~/WWU/CS145/202510_csci145_bissett/lab2[01;32mbissett@cf165-26[00m:[01;34m~/WWU/CS145/202510_csci145_bissett/lab2[00m$ javac BrokenCalculator.java git commit -m "Finish part F-G"add .[Kjava BrokenCalculator 452 654
[?2004lFixing notation!
45
2
65
4
45.2
65.4
[?2004h]0;bissett@cf165-26: ~/WWU/CS145/202510_csci145_bissett/lab2[01;32mbissett@cf165-26[00m:[01;34m~/WWU/CS145/202510_csci145_bissett/lab2[00m$ java BrokenCalculator 452 654
[?2004lFixing notation!
45
2
65
4
45.2
65.4
[?2004h]0;bissett@cf165-26: ~/WWU/CS145/202510_csci145_bissett/lab2[01;32mbissett@cf165-26[00m:[01;34m~/WWU/CS145/202510_csci145_bissett/lab2[00m$ java BrokenCalculator 452 654[1Pc BrokenCalculator.java 
[?2004l[?2004h]0;bissett@cf165-26: ~/WWU/CS145/202510_csci145_bissett/lab2[01;32mbissett@cf165-26[00m:[01;34m~/WWU/CS145/202510_csci145_bissett/lab2[00m$ javac BrokenCalculator.java  BrokenCalculator 452 654
[?2004lFixing notation!
45.2
65.4
2925.8
[?2004h]0;bissett@cf165-26: ~/WWU/CS145/202510_csci145_bissett/lab2[01;32mbissett@cf165-26[00m:[01;34m~/WWU/CS145/202510_csci145_bissett/lab2[00m$ java BrokenCalculator 452 654[1Pc BrokenCalculator.java 
[?2004l[?2004h]0;bissett@cf165-26: ~/WWU/CS145/202510_csci145_bissett/lab2[01;32mbissett@cf165-26[00m:[01;34m~/WWU/CS145/202510_csci145_bissett/lab2[00m$ javac BrokenCalculator.java  BrokenCalculator 452 654
[?2004lFixing notation!
45.2
65.4
2925.0
8.0
2925.0.8.0
[?2004h]0;bissett@cf165-26: ~/WWU/CS145/202510_csci145_bissett/lab2[01;32mbissett@cf165-26[00m:[01;34m~/WWU/CS145/202510_csci145_bissett/lab2[00m$ java BrokenCalculator 452 654[C[K[K[K[K[K[K[K123 456
[?2004lFixing notation!
12.3
45.6
540.0
18.0
540.0.18.0
[?2004h]0;bissett@cf165-26: ~/WWU/CS145/202510_csci145_bissett/lab2[01;32mbissett@cf165-26[00m:[01;34m~/WWU/CS145/202510_csci145_bissett/lab2[00m$ java BrokenCalculator 123 456452 654[1Pc BrokenCalculator.java 
[?2004l[?2004h]0;bissett@cf165-26: ~/WWU/CS145/202510_csci145_bissett/lab2[01;32mbissett@cf165-26[00m:[01;34m~/WWU/CS145/202510_csci145_bissett/lab2[00m$ javac BrokenCalculator.java  BrokenCalculator 123 456452 654123 456
[?2004lFixing notation!
12.3
45.6
540
18
540.18
[?2004h]0;bissett@cf165-26: ~/WWU/CS145/202510_csci145_bissett/lab2[01;32mbissett@cf165-26[00m:[01;34m~/WWU/CS145/202510_csci145_bissett/lab2[00m$ java BrokenCalculator 123 456[1Pc BrokenCalculator.java 
[?2004lBrokenCalculator.java:28: error: incompatible types: possible lossy conversion from double to int
        int multiplyNumbers = (num1Int * num2Int) + (num1Int * num2Dec * 0.1) + (num2Int * num1Dec * 0.1) + (num1Dec * num2Dec * 0.01);
                                                                                                          ^
1 error
[?2004h]0;bissett@cf165-26: ~/WWU/CS145/202510_csci145_bissett/lab2[01;32mbissett@cf165-26[00m:[01;34m~/WWU/CS145/202510_csci145_bissett/lab2[00m$ javac BrokenCalculator.java  BrokenCalculator 123 456
[?2004lFixing notation!
12.3
45.6
540
18
540.18
[?2004h]0;bissett@cf165-26: ~/WWU/CS145/202510_csci145_bissett/lab2[01;32mbissett@cf165-26[00m:[01;34m~/WWU/CS145/202510_csci145_bissett/lab2[00m$ java BrokenCalculator 123 456[1Pc BrokenCalculator.java 
[?2004l[?2004h]0;bissett@cf165-26: ~/WWU/CS145/202510_csci145_bissett/lab2[01;32mbissett@cf165-26[00m:[01;34m~/WWU/CS145/202510_csci145_bissett/lab2[00m$ javac BrokenCalculator.java  BrokenCalculator 123 456
[?2004lFixing notation!
12.3
45.6
5608.80
[?2004h]0;bissett@cf165-26: ~/WWU/CS145/202510_csci145_bissett/lab2[01;32mbissett@cf165-26[00m:[01;34m~/WWU/CS145/202510_csci145_bissett/lab2[00m$ java BrokenCalculator 123 456[1Pc BrokenCalculator.java 
[?2004l[?2004h]0;bissett@cf165-26: ~/WWU/CS145/202510_csci145_bissett/lab2[01;32mbissett@cf165-26[00m:[01;34m~/WWU/CS145/202510_csci145_bissett/lab2[00m$ javac BrokenCalculator.java  BrokenCalculator 123 456
[?2004lFixing notation!
12.3
45.6
560.88
[?2004h]0;bissett@cf165-26: ~/WWU/CS145/202510_csci145_bissett/lab2[01;32mbissett@cf165-26[00m:[01;34m~/WWU/CS145/202510_csci145_bissett/lab2[00m$ git add .
[?2004l[?2004h]0;bissett@cf165-26: ~/WWU/CS145/202510_csci145_bissett/lab2[01;32mbissett@cf165-26[00m:[01;34m~/WWU/CS145/202510_csci145_bissett/lab2[00m$ git commit -m "Lab complete"
[?2004l[main 4486dd6] Lab complete
 2 files changed, 84 insertions(+), 10 deletions(-)
[?2004h]0;bissett@cf165-26: ~/WWU/CS145/202510_csci145_bissett/lab2[01;32mbissett@cf165-26[00m:[01;34m~/WWU/CS145/202510_csci145_bissett/lab2[00m$ git push
[?2004lEnumerating objects: 25, done.
Counting objects:   4% (1/25)Counting objects:   8% (2/25)Counting objects:  12% (3/25)Counting objects:  16% (4/25)Counting objects:  20% (5/25)Counting objects:  24% (6/25)Counting objects:  28% (7/25)Counting objects:  32% (8/25)Counting objects:  36% (9/25)Counting objects:  40% (10/25)Counting objects:  44% (11/25)Counting objects:  48% (12/25)Counting objects:  52% (13/25)Counting objects:  56% (14/25)Counting objects:  60% (15/25)Counting objects:  64% (16/25)Counting objects:  68% (17/25)Counting objects:  72% (18/25)Counting objects:  76% (19/25)Counting objects:  80% (20/25)Counting objects:  84% (21/25)Counting objects:  88% (22/25)Counting objects:  92% (23/25)Counting objects:  96% (24/25)Counting objects: 100% (25/25)Counting objects: 100% (25/25), done.
Delta compression using up to 16 threads
Compressing objects:   4% (1/21)Compressing objects:   9% (2/21)Compressing objects:  14% (3/21)Compressing objects:  19% (4/21)Compressing objects:  23% (5/21)Compressing objects:  28% (6/21)Compressing objects:  33% (7/21)Compressing objects:  38% (8/21)Compressing objects:  42% (9/21)Compressing objects:  47% (10/21)Compressing objects:  52% (11/21)Compressing objects:  57% (12/21)Compressing objects:  61% (13/21)Compressing objects:  66% (14/21)Compressing objects:  71% (15/21)Compressing objects:  76% (16/21)Compressing objects:  80% (17/21)Compressing objects:  85% (18/21)Compressing objects:  90% (19/21)Compressing objects:  95% (20/21)Compressing objects: 100% (21/21)Compressing objects: 100% (21/21), done.
Writing objects:   4% (1/22)Writing objects:   9% (2/22)Writing objects:  13% (3/22)Writing objects:  18% (4/22)Writing objects:  22% (5/22)Writing objects:  27% (6/22)Writing objects:  31% (7/22)Writing objects:  36% (8/22)Writing objects:  40% (9/22)Writing objects:  45% (10/22)Writing objects:  50% (11/22)Writing objects:  54% (12/22)Writing objects:  59% (13/22)Writing objects:  63% (14/22)Writing objects:  68% (15/22)Writing objects:  72% (16/22)Writing objects:  77% (17/22)Writing objects:  81% (18/22)Writing objects:  86% (19/22)Writing objects:  90% (20/22)Writing objects:  95% (21/22)Writing objects: 100% (22/22)Writing objects: 100% (22/22), 3.24 KiB | 3.24 MiB/s, done.
Total 22 (delta 9), reused 0 (delta 0), pack-reused 0
remote: Resolving deltas:   0% (0/9)[Kremote: Resolving deltas:  11% (1/9)[Kremote: Resolving deltas:  22% (2/9)[Kremote: Resolving deltas:  33% (3/9)[Kremote: Resolving deltas:  44% (4/9)[Kremote: Resolving deltas:  55% (5/9)[Kremote: Resolving deltas:  66% (6/9)[Kremote: Resolving deltas:  77% (7/9)[Kremote: Resolving deltas:  88% (8/9)[Kremote: Resolving deltas: 100% (9/9)[Kremote: Resolving deltas: 100% (9/9), completed with 1 local object.[K
To https://github.com/sizemore-teaching/202510_csci145_bissett.git
   ce66ad5..4486dd6  main -> main
[?2004h]0;bissett@cf165-26: ~/WWU/CS145/202510_csci145_bissett/lab2[01;32mbissett@cf165-26[00m:[01;34m~/WWU/CS145/202510_csci145_bissett/lab2[00m$ git pushcommit -m "Lab complete"add .[Kjava BrokenCalculator 123 456[K[K[K[K[K[K[K204 177
[?2004lFixing notation!
20.4
17.7
361.8
[?2004h]0;bissett@cf165-26: ~/WWU/CS145/202510_csci145_bissett/lab2[01;32mbissett@cf165-26[00m:[01;34m~/WWU/CS145/202510_csci145_bissett/lab2[00m$ java BrokenCalculator 204 177[K[K[K[K[K[K[K294 117
[?2004lFixing notation!
29.4
11.7
343.98
[?2004h]0;bissett@cf165-26: ~/WWU/CS145/202510_csci145_bissett/lab2[01;32mbissett@cf165-26[00m:[01;34m~/WWU/CS145/202510_csci145_bissett/lab2[00m$ code output.txt
[?2004l[?2004h]0;bissett@cf165-26: ~/WWU/CS145/202510_csci145_bissett/lab2[01;32mbissett@cf165-26[00m:[01;34m~/WWU/CS145/202510_csci145_bissett/lab2[00m$ git add .
[?2004l[?2004h]0;bissett@cf165-26: ~/WWU/CS145/202510_csci145_bissett/lab2[01;32mbissett@cf165-26[00m:[01;34m~/WWU/CS145/202510_csci145_bissett/lab2[00m$ git add .code output.txtjava BrokenCalculator 294 117[14Pcode output.txt[C[1P output.txt[1P output.txt[1P output.txt[1P output.txtg output.txti output.txtt output.txt[C output.txtc output.txto output.txtm output.txtm output.txti output.txtt output.txt[C output.txt- output.txtm output.txt[C output.txt" output.txta output.txtd output.txt[1P output.txt[1P output.txtA output.txtd output.txtd output.txte output.txtd output.txt[C[C[C[C[C[C[C[C[C[C[C"
[?2004l[main 176cd99] Added output.txt
 1 file changed, 4 insertions(+)
 create mode 100644 lab2/output.txt
[?2004h]0;bissett@cf165-26: ~/WWU/CS145/202510_csci145_bissett/lab2[01;32mbissett@cf165-26[00m:[01;34m~/WWU/CS145/202510_csci145_bissett/lab2[00m$ git commit -m "Added output.txt"add .[Kcode output.txtjava BrokenCalculator 294 11704 177git push[Kcommit -m "Lab complete"add .[Kjava BrokenCalculator 123 456[1Pc BrokenCalculator.java 
[?2004l[?2004h]0;bissett@cf165-26: ~/WWU/CS145/202510_csci145_bissett/lab2[01;32mbissett@cf165-26[00m:[01;34m~/WWU/CS145/202510_csci145_bissett/lab2[00m$ java b[KBrokenCalculator > output.txt 
[?2004lException in thread "main" java.lang.ArrayIndexOutOfBoundsException: Index 0 out of bounds for length 0
	at BrokenCalculator.main(BrokenCalculator.java:7)
[?2004h]0;bissett@cf165-26: ~/WWU/CS145/202510_csci145_bissett/lab2[01;32mbissett@cf165-26[00m:[01;34m~/WWU/CS145/202510_csci145_bissett/lab2[00m$ java BrokenCalculator > output.txt [C[1@ [1@2[1@0[1@4[C[1@ [1@1[1@7[1@7[C[1@ [1P
[?2004l[?2004h]0;bissett@cf165-26: ~/WWU/CS145/202510_csci145_bissett/lab2[01;32mbissett@cf165-26[00m:[01;34m~/WWU/CS145/202510_csci145_bissett/lab2[00m$ java BrokenCalculator 204 177 > output.txt [K[K[K[K[K[K[K[K[K[K[K[K[K[K
[?2004lFixing notation!
20.4
17.7
361.8
[?2004h]0;bissett@cf165-26: ~/WWU/CS145/202510_csci145_bissett/lab2[01;32mbissett@cf165-26[00m:[01;34m~/WWU/CS145/202510_csci145_bissett/lab2[00m$ java BrokenCalculator 204 177 > output.txt [8P[C[C[C[C[C[C[C[C[C[C[C[C[C[7Pc BrokenCalculator.java[C
[?2004l[?2004h]0;bissett@cf165-26: ~/WWU/CS145/202510_csci145_bissett/lab2[01;32mbissett@cf165-26[00m:[01;34m~/WWU/CS145/202510_csci145_bissett/lab2[00m$ javac BrokenCalculator.java  BrokenCalculator 204 177
[?2004lFixing notation!
20.4
17.7
361
8
361.8
[?2004h]0;bissett@cf165-26: ~/WWU/CS145/202510_csci145_bissett/lab2[01;32mbissett@cf165-26[00m:[01;34m~/WWU/CS145/202510_csci145_bissett/lab2[00m$ java BrokenCalculator 204 177[1Pc BrokenCalculator.java 
[?2004l[?2004h]0;bissett@cf165-26: ~/WWU/CS145/202510_csci145_bissett/lab2[01;32mbissett@cf165-26[00m:[01;34m~/WWU/CS145/202510_csci145_bissett/lab2[00m$ javac BrokenCalculator.java  BrokenCalculator 204 177
[?2004lFixing notation!
20.4
17.7
36108
361
8
361.8
[?2004h]0;bissett@cf165-26: ~/WWU/CS145/202510_csci145_bissett/lab2[01;32mbissett@cf165-26[00m:[01;34m~/WWU/CS145/202510_csci145_bissett/lab2[00m$ java BrokenCalculator 204 177[K[1P 17
[?2004lFixing notation!
2.0
1.7
340
3
40
3.40
[?2004h]0;bissett@cf165-26: ~/WWU/CS145/202510_csci145_bissett/lab2[01;32mbissett@cf165-26[00m:[01;34m~/WWU/CS145/202510_csci145_bissett/lab2[00m$ java BrokenCalculator 20 174 177
[?2004lFixing notation!
20.4
17.7
36108
361
8
361.8
[?2004h]0;bissett@cf165-26: ~/WWU/CS145/202510_csci145_bissett/lab2[01;32mbissett@cf165-26[00m:[01;34m~/WWU/CS145/202510_csci145_bissett/lab2[00m$ java BrokenCalculator 204 177[2P 174 177[1Pc BrokenCalculator.java 
[?2004l[?2004h]0;bissett@cf165-26: ~/WWU/CS145/202510_csci145_bissett/lab2[01;32mbissett@cf165-26[00m:[01;34m~/WWU/CS145/202510_csci145_bissett/lab2[00m$ javac BrokenCalculator.java  BrokenCalculator 204 177
[?2004lFixing notation!
20.4
17.7
361.8
[?2004h]0;bissett@cf165-26: ~/WWU/CS145/202510_csci145_bissett/lab2[01;32mbissett@cf165-26[00m:[01;34m~/WWU/CS145/202510_csci145_bissett/lab2[00m$ java BrokenCalculator 204 177[1Pc BrokenCalculator.java 
[?2004l[?2004h]0;bissett@cf165-26: ~/WWU/CS145/202510_csci145_bissett/lab2[01;32mbissett@cf165-26[00m:[01;34m~/WWU/CS145/202510_csci145_bissett/lab2[00m$ javac BrokenCalculator.java  BrokenCalculator 204 177
[?2004lFixing notation!
20.4
17.7
361.08
[?2004h]0;bissett@cf165-26: ~/WWU/CS145/202510_csci145_bissett/lab2[01;32mbissett@cf165-26[00m:[01;34m~/WWU/CS145/202510_csci145_bissett/lab2[00m$ git add .
[?2004l[?2004h]0;bissett@cf165-26: ~/WWU/CS145/202510_csci145_bissett/lab2[01;32mbissett@cf165-26[00m:[01;34m~/WWU/CS145/202510_csci145_bissett/lab2[00m$ git commit -m ""F"i"x"e"d" "l"e"a"d"i"n"g" "z"e"r"o" "i"s"s"u"e" "i"n" "d"e"c"i"m"a"l" "o"u"t"p"u"t"."
[?2004l[main 09b764b] Fixed leading zero issue in decimal output.
 3 files changed, 89 insertions(+), 6 deletions(-)
[?2004h]0;bissett@cf165-26: ~/WWU/CS145/202510_csci145_bissett/lab2[01;32mbissett@cf165-26[00m:[01;34m~/WWU/CS145/202510_csci145_bissett/lab2[00m$ git push
[?2004lEnumerating objects: 14, done.
Counting objects:   7% (1/14)Counting objects:  14% (2/14)Counting objects:  21% (3/14)Counting objects:  28% (4/14)Counting objects:  35% (5/14)Counting objects:  42% (6/14)Counting objects:  50% (7/14)Counting objects:  57% (8/14)Counting objects:  64% (9/14)Counting objects:  71% (10/14)Counting objects:  78% (11/14)Counting objects:  85% (12/14)Counting objects:  92% (13/14)Counting objects: 100% (14/14)Counting objects: 100% (14/14), done.
Delta compression using up to 16 threads
Compressing objects:  11% (1/9)Compressing objects:  22% (2/9)Compressing objects:  33% (3/9)Compressing objects:  44% (4/9)Compressing objects:  55% (5/9)Compressing objects:  66% (6/9)Compressing objects:  77% (7/9)Compressing objects:  88% (8/9)Compressing objects: 100% (9/9)Compressing objects: 100% (9/9), done.
Writing objects:  10% (1/10)Writing objects:  20% (2/10)Writing objects:  30% (3/10)Writing objects:  40% (4/10)Writing objects:  50% (5/10)Writing objects:  60% (6/10)Writing objects:  70% (7/10)Writing objects:  80% (8/10)Writing objects:  90% (9/10)Writing objects: 100% (10/10)Writing objects: 100% (10/10), 2.92 KiB | 2.92 MiB/s, done.
Total 10 (delta 3), reused 0 (delta 0), pack-reused 0
remote: Resolving deltas:   0% (0/3)[Kremote: Resolving deltas:  33% (1/3)[Kremote: Resolving deltas:  66% (2/3)[Kremote: Resolving deltas: 100% (3/3)[Kremote: Resolving deltas: 100% (3/3), completed with 2 local objects.[K
To https://github.com/sizemore-teaching/202510_csci145_bissett.git
   4486dd6..09b764b  main -> main
[?2004h]0;bissett@cf165-26: ~/WWU/CS145/202510_csci145_bissett/lab2[01;32mbissett@cf165-26[00m:[01;34m~/WWU/CS145/202510_csci145_bissett/lab2[00m$ git pushcommit -m "Fixed leading zero issue in decimal output."add .[Kjava BrokenCalculator 204 177
[?2004lFixing notation!
20.4
17.7
361.08
[?2004h]0;bissett@cf165-26: ~/WWU/CS145/202510_csci145_bissett/lab2[01;32mbissett@cf165-26[00m:[01;34m~/WWU/CS145/202510_csci145_bissett/lab2[00m$ java BrokenCalculator 204 177 . [K[K> output.txt 
[?2004l[?2004h]0;bissett@cf165-26: ~/WWU/CS145/202510_csci145_bissett/lab2[01;32mbissett@cf165-26[00m:[01;34m~/WWU/CS145/202510_csci145_bissett/lab2[00m$ code ^V[K[7mexample_output.txt[27mexample_output.txt
[?2004l[?2004h]0;bissett@cf165-26: ~/WWU/CS145/202510_csci145_bissett/lab2[01;32mbissett@cf165-26[00m:[01;34m~/WWU/CS145/202510_csci145_bissett/lab2[00m$ git add .
[?2004l[?2004h]0;bissett@cf165-26: ~/WWU/CS145/202510_csci145_bissett/lab2[01;32mbissett@cf165-26[00m:[01;34m~/WWU/CS145/202510_csci145_bissett/lab2[00m$ git commit -m "Added example_output.txt"
[?2004l[main a50fa93] Added example_output.txt
 3 files changed, 85 insertions(+), 2 deletions(-)
 create mode 100644 lab2/example_output.txt
[?2004h]0;bissett@cf165-26: ~/WWU/CS145/202510_csci145_bissett/lab2[01;32mbissett@cf165-26[00m:[01;34m~/WWU/CS145/202510_csci145_bissett/lab2[00m$ dit[Kff output.txt example_output.txt 
[?2004l2,4c2,4
< 20.4
< 17.7
< 361.08
---
> The value of 204 reformatted is 20.4
> The value of 177 reformatted is 17.7
> The product of 20.4 and 17.7 is 361.08
[?2004h]0;bissett@cf165-26: ~/WWU/CS145/202510_csci145_bissett/lab2[01;32mbissett@cf165-26[00m:[01;34m~/WWU/CS145/202510_csci145_bissett/lab2[00m$ end
[?2004lbash: end: command not found
[?2004h]0;bissett@cf165-26: ~/WWU/CS145/202510_csci145_bissett/lab2[01;32mbissett@cf165-26[00m:[01;34m~/WWU/CS145/202510_csci145_bissett/lab2[00m$ exit
[?2004lexit

Script done on 2025-01-22 15:25:09-08:00 [COMMAND_EXIT_CODE="127"]
